node.exe : npm warn Unknown project config "always-auth". This will stop working in the next major version of npm.
At line:1 char:1
+ & "C:\Program Files\nodejs/node.exe" "C:\Program Files\nodejs/node_mo ...
+ ~~~~~~~~~~~~~~~~~~~~~~~~~~~~~~~~~~~~~~~~~~~~~~~~~~~~~~~~~~~~~~~~~~~~~
    + CategoryInfo              : NotSpecified: (npm war    n Unknow...version of np    m.:String) [], RemoteExc    eption
    + FullyQualifiedErrorId     : NativeCommandError
 
npm warn using --force Recommended protections disabled.

> my-v0-project@0.1.0 build
> next build

[baseline-browser-mapping] The data in this module is over two months old.  To ensure accurate Baseline data, please update: `npm i baseline-browser-mapping@latest -D`
